// Jest Snapshot v1, https://jestjs.io/docs/snapshot-testing

exports[`generateDrillPdf visual regression traces matches dedicated progression-card trace for rim-stop-cut-across 1`] = `
{
  "firstOps": [
    {
      "args": [
        "data:image/png;base64,MOCK",
        "JPEG",
        20,
        15,
        24,
        16,
      ],
      "op": "addImage",
      "order": 318,
    },
    {
      "args": [
        "data:image/png;base64,MOCK",
        "PNG",
        166,
        15,
        24,
        16,
      ],
      "op": "addImage",
      "order": 319,
    },
    {
      "args": [
        "Rim Stop Cut Across",
        114,
      ],
      "op": "splitTextToSize",
      "order": 320,
    },
    {
      "args": [
        "Rim Stop Cut Across",
        114,
      ],
      "op": "splitTextToSize",
      "order": 321,
    },
    {
      "args": [
        "data:image/png;base64,MOCK",
        "PNG",
        180,
        43,
        10,
        10,
      ],
      "op": "addImage",
      "order": 322,
    },
    {
      "args": [
        "This drill helps goalies develop stick skills behind the net and practice get...",
        170,
      ],
      "op": "splitTextToSize",
      "order": 323,
    },
    {
      "args": [
        "1. Shooter rims the puck to either side.",
        165,
      ],
      "op": "splitTextToSize",
      "order": 324,
    },
    {
      "args": [
        "2. Goalie reads the rim, exits the crease, and stops the puck behind the net ...",
        165,
      ],
      "op": "splitTextToSize",
      "order": 325,
    },
    {
      "args": [
        "3. Shooter skates to either wall at the blue line to present a target.",
        165,
      ],
      "op": "splitTextToSize",
      "order": 326,
    },
    {
      "args": [
        "4. Goalie makes a controlled pass to the shooter.",
        165,
      ],
      "op": "splitTextToSize",
      "order": 327,
    },
    {
      "args": [
        "5. Shooter skates down the wall, enters the zone between the dot and circle, ...",
        165,
      ],
      "op": "splitTextToSize",
      "order": 328,
    },
    {
      "args": [
        "6. Shooter releases a shot back to the original side (against the grain).",
        165,
      ],
      "op": "splitTextToSize",
      "order": 329,
    },
    {
      "args": [
        "7. Goalie recovers to the crease, tracks the shooter's cut, and sets for the ...",
        165,
      ],
      "op": "splitTextToSize",
      "order": 330,
    },
    {
      "args": [
        "8. Run drill from both sides of ice.",
        165,
      ],
      "op": "splitTextToSize",
      "order": 331,
    },
    {
      "args": [
        "• Efficient crease exit — take the shortest route to the rim with controlled ...",
        165,
      ],
      "op": "splitTextToSize",
      "order": 332,
    },
    {
      "args": [
        "• Square shoulders to the boards when stopping the rim to absorb and settle t...",
        165,
      ],
      "op": "splitTextToSize",
      "order": 333,
    },
    {
      "args": [
        "• Scan before passing — shoulder check for forecheck pressure and shooter loc...",
        165,
      ],
      "op": "splitTextToSize",
      "order": 334,
    },
    {
      "args": [
        "• Crisp, flat pass to the shooter's stick; avoid floaters or passes into feet.",
        165,
      ],
      "op": "splitTextToSize",
      "order": 335,
    },
    {
      "args": [
        "• Recover with urgency — head leads, stay tall, regain middle ice before the ...",
        165,
      ],
      "op": "splitTextToSize",
      "order": 336,
    },
    {
      "args": [
        "• Track the change of angle as the shooter cuts across; maintain edge control.",
        165,
      ],
      "op": "splitTextToSize",
      "order": 337,
    },
    {
      "args": [
        "• Set feet before the release — keep lead knee on puck; avoid sliding into th...",
        165,
      ],
      "op": "splitTextToSize",
      "order": 338,
    },
    {
      "args": [
        "• Hard, purposeful rim — simulate a game speed dump in.",
        165,
      ],
      "op": "splitTextToSize",
      "order": 339,
    },
    {
      "args": [
        "• Explode to the wall to present a clean passing target.",
        165,
      ],
      "op": "splitTextToSize",
      "order": 340,
    },
    {
      "args": [
        "• Stick available early — show a clear target for the goalie.",
        165,
      ],
      "op": "splitTextToSize",
      "order": 341,
    },
    {
      "args": [
        "• Skate the wall with pace — don't drift or slow down.",
        165,
      ],
      "op": "splitTextToSize",
      "order": 342,
    },
    {
      "args": [
        "• Cut across with intent — force the goalie to move laterally.",
        165,
      ],
      "op": "splitTextToSize",
      "order": 343,
    },
    {
      "args": [
        "• Shoot against the grain back to the original side.",
        165,
      ],
      "op": "splitTextToSize",
      "order": 344,
    },
    {
      "args": [
        "• Change release point (pull and drag, push release, delay) to challenge the ...",
        165,
      ],
      "op": "splitTextToSize",
      "order": 345,
    },
    {
      "args": [
        "data:image/png;base64,MOCK",
        "PNG",
        121.12,
        55,
        68.88,
        38.75,
      ],
      "op": "addImage",
      "order": 346,
    },
    {
      "args": [
        "This drill helps goalies develop stick skills behind the net and practice get...",
        95.12,
      ],
      "op": "splitTextToSize",
      "order": 347,
    },
    {
      "args": [
        "1. Shooter rims the puck to either side.",
        90.12,
      ],
      "op": "splitTextToSize",
      "order": 348,
    },
    {
      "args": [
        "2. Goalie reads the rim, exits the crease, and stops the puck behind the net ...",
        90.12,
      ],
      "op": "splitTextToSize",
      "order": 349,
    },
    {
      "args": [
        "3. Shooter skates to either wall at the blue line to present a target.",
        90.12,
      ],
      "op": "splitTextToSize",
      "order": 350,
    },
    {
      "args": [
        "4. Goalie makes a controlled pass to the shooter.",
        90.12,
      ],
      "op": "splitTextToSize",
      "order": 351,
    },
    {
      "args": [
        "5. Shooter skates down the wall, enters the zone between the dot and circle, ...",
        90.12,
      ],
      "op": "splitTextToSize",
      "order": 352,
    },
    {
      "args": [
        "6. Shooter releases a shot back to the original side (against the grain).",
        90.12,
      ],
      "op": "splitTextToSize",
      "order": 353,
    },
    {
      "args": [
        "7. Goalie recovers to the crease, tracks the shooter's cut, and sets for the ...",
        90.12,
      ],
      "op": "splitTextToSize",
      "order": 354,
    },
    {
      "args": [
        "8. Run drill from both sides of ice.",
        90.12,
      ],
      "op": "splitTextToSize",
      "order": 355,
    },
    {
      "args": [
        "• Efficient crease exit — take the shortest route to the rim with controlled ...",
        165,
      ],
      "op": "splitTextToSize",
      "order": 356,
    },
    {
      "args": [
        "• Square shoulders to the boards when stopping the rim to absorb and settle t...",
        165,
      ],
      "op": "splitTextToSize",
      "order": 357,
    },
    {
      "args": [
        "• Scan before passing — shoulder check for forecheck pressure and shooter loc...",
        165,
      ],
      "op": "splitTextToSize",
      "order": 358,
    },
    {
      "args": [
        "• Crisp, flat pass to the shooter's stick; avoid floaters or passes into feet.",
        165,
      ],
      "op": "splitTextToSize",
      "order": 359,
    },
    {
      "args": [
        "• Recover with urgency — head leads, stay tall, regain middle ice before the ...",
        165,
      ],
      "op": "splitTextToSize",
      "order": 360,
    },
    {
      "args": [
        "• Track the change of angle as the shooter cuts across; maintain edge control.",
        165,
      ],
      "op": "splitTextToSize",
      "order": 361,
    },
    {
      "args": [
        "• Set feet before the release — keep lead knee on puck; avoid sliding into th...",
        165,
      ],
      "op": "splitTextToSize",
      "order": 362,
    },
    {
      "args": [
        "• Hard, purposeful rim — simulate a game speed dump in.",
        165,
      ],
      "op": "splitTextToSize",
      "order": 363,
    },
    {
      "args": [
        "• Explode to the wall to present a clean passing target.",
        165,
      ],
      "op": "splitTextToSize",
      "order": 364,
    },
    {
      "args": [
        "• Stick available early — show a clear target for the goalie.",
        165,
      ],
      "op": "splitTextToSize",
      "order": 365,
    },
    {
      "args": [
        "• Skate the wall with pace — don't drift or slow down.",
        165,
      ],
      "op": "splitTextToSize",
      "order": 366,
    },
    {
      "args": [
        "• Cut across with intent — force the goalie to move laterally.",
        165,
      ],
      "op": "splitTextToSize",
      "order": 367,
    },
    {
      "args": [
        "• Shoot against the grain back to the original side.",
        165,
      ],
      "op": "splitTextToSize",
      "order": 368,
    },
    {
      "args": [
        "• Change release point (pull and drag, push release, delay) to challenge the ...",
        165,
      ],
      "op": "splitTextToSize",
      "order": 369,
    },
    {
      "args": [
        "Progression 1 - Variable Rim Locations",
        75,
      ],
      "op": "splitTextToSize",
      "order": 370,
    },
    {
      "args": [
        "Shooter varies rim height, speed, and angle while the goalie adjusts footwork...",
        75,
      ],
      "op": "splitTextToSize",
      "order": 371,
    },
    {
      "args": [
        "Progression 1 - Variable Rim Locations",
        75,
      ],
      "op": "splitTextToSize",
      "order": 372,
    },
    {
      "args": [
        "Shooter varies rim height, speed, and angle.
• Goalie adjusts footwork.
• Goa...",
        75,
      ],
      "op": "splitTextToSize",
      "order": 373,
    },
    {
      "args": [
        "Progression 2 - Shooter Delay Options",
        75,
      ],
      "op": "splitTextToSize",
      "order": 374,
    },
    {
      "args": [
        "Shooter varies rim height, speed, and angle.
• Goalie adjusts footwork.
• Goa...",
        75,
      ],
      "op": "splitTextToSize",
      "order": 375,
    },
    {
      "args": [
        "Progression 2 - Shooter Delay Options",
        75,
      ],
      "op": "splitTextToSize",
      "order": 376,
    },
    {
      "args": [
        "Add shooter options:
• Cut immediately
• Delay at the wall
• Take a quick sho...",
        75,
      ],
      "op": "splitTextToSize",
      "order": 377,
    },
    {
      "args": [
        "Progression 3 - Coach Pressure",
        75,
      ],
      "op": "splitTextToSize",
      "order": 378,
    },
    {
      "args": [
        "Add shooter options:
• Cut immediately
• Delay at the wall
• Take a quick sho...",
        75,
      ],
      "op": "splitTextToSize",
      "order": 379,
    },
    {
      "args": [
        "Progression 3 - Coach Pressure",
        75,
      ],
      "op": "splitTextToSize",
      "order": 380,
    },
    {
      "args": [
        "Coach applies light forecheck pressure after the rim. Goalie:
• Shoulder chec...",
        75,
      ],
      "op": "splitTextToSize",
      "order": 381,
    },
    {
      "args": [
        "Progression 4 - Second Shooter Option",
        75,
      ],
      "op": "splitTextToSize",
      "order": 382,
    },
    {
      "args": [
        "Coach applies light forecheck pressure after the rim. Goalie:
• Shoulder chec...",
        75,
      ],
      "op": "splitTextToSize",
      "order": 383,
    },
    {
      "args": [
        "Progression 4 - Second Shooter Option",
        75,
      ],
      "op": "splitTextToSize",
      "order": 384,
    },
    {
      "args": [
        "Add a second shooter in the slot. Primary shooter can pass or shoot.",
        75,
      ],
      "op": "splitTextToSize",
      "order": 385,
    },
    {
      "args": [
        "Progression 5 - Net Front Screen",
        75,
      ],
      "op": "splitTextToSize",
      "order": 386,
    },
    {
      "args": [
        "Add a second shooter in the slot. Primary shooter can pass or shoot.",
        75,
      ],
      "op": "splitTextToSize",
      "order": 387,
    },
    {
      "args": [
        "Progression 5 - Net Front Screen",
        75,
      ],
      "op": "splitTextToSize",
      "order": 388,
    },
    {
      "args": [
        "Add an extra goaltender or obstacle in the high slot. so the goalie must trac...",
        75,
      ],
      "op": "splitTextToSize",
      "order": 389,
    },
    {
      "args": [
        "Net Front Screen",
        75,
      ],
      "op": "splitTextToSize",
      "order": 390,
    },
    {
      "args": [
        "Add an extra goaltender or obstacle in the high slot. so the goalie must trac...",
        75,
      ],
      "op": "splitTextToSize",
      "order": 391,
    },
    {
      "args": [
        "data:image/png;base64,MOCK",
        "PNG",
        20,
        261,
        24,
        16,
      ],
      "op": "addImage",
      "order": 390,
    },
    {
      "args": [
        "This drill and the website on which it is hosted were developed as part of US...",
        81.33,
      ],
      "op": "splitTextToSize",
      "order": 391,
    },
    {
      "args": [
        "data:image/png;base64,MOCK",
        "PNG",
        133.33,
        250.11,
        56.67,
        37.78,
      ],
      "op": "addImage",
      "order": 392,
    },
    {
      "args": [
        "data:image/png;base64,MOCK",
        "JPEG",
        20,
        15,
        24,
        16,
      ],
      "op": "addImage",
      "order": 393,
    },
    {
      "args": [
        "data:image/png;base64,MOCK",
        "PNG",
        166,
        15,
        24,
        16,
      ],
      "op": "addImage",
      "order": 394,
    },
    {
      "args": [
        "Rim Stop Cut Across",
        114,
      ],
      "op": "splitTextToSize",
      "order": 395,
    },
    {
      "args": [
        "Rim Stop Cut Across",
        114,
      ],
      "op": "splitTextToSize",
      "order": 396,
    },
    {
      "args": [
        "data:image/png;base64,MOCK",
        "PNG",
        33.83,
        124,
        53.33,
        30,
      ],
      "op": "addImage",
      "order": 397,
    },
    {
      "args": [
        "data:image/png;base64,MOCK",
        "PNG",
        33.83,
        196,
        53.33,
        30,
      ],
      "op": "addImage",
      "order": 398,
    },
    {
      "args": [
        "data:image/png;base64,MOCK",
        "PNG",
        122.83,
        60,
        53.33,
        30,
      ],
      "op": "addImage",
      "order": 399,
    },
    {
      "args": [
        "data:image/png;base64,MOCK",
        "PNG",
        20,
        261,
        24,
        16,
      ],
      "op": "addImage",
      "order": 400,
    },
    {
      "args": [
        "This drill and the website on which it is hosted were developed as part of US...",
        81.33,
      ],
      "op": "splitTextToSize",
      "order": 401,
    },
    {
      "args": [
        "data:image/png;base64,MOCK",
        "PNG",
        133.33,
        250.11,
        56.67,
        37.78,
      ],
      "op": "addImage",
      "order": 402,
    },
  ],
  "lastOps": [
    {
      "args": [
        "• Cut across with intent — force the goalie to move laterally.",
        165,
      ],
      "op": "splitTextToSize",
      "order": 343,
    },
    {
      "args": [
        "• Shoot against the grain back to the original side.",
        165,
      ],
      "op": "splitTextToSize",
      "order": 344,
    },
    {
      "args": [
        "• Change release point (pull and drag, push release, delay) to challenge the ...",
        165,
      ],
      "op": "splitTextToSize",
      "order": 345,
    },
    {
      "args": [
        "data:image/png;base64,MOCK",
        "PNG",
        121.12,
        55,
        68.88,
        38.75,
      ],
      "op": "addImage",
      "order": 346,
    },
    {
      "args": [
        "This drill helps goalies develop stick skills behind the net and practice get...",
        95.12,
      ],
      "op": "splitTextToSize",
      "order": 347,
    },
    {
      "args": [
        "1. Shooter rims the puck to either side.",
        90.12,
      ],
      "op": "splitTextToSize",
      "order": 348,
    },
    {
      "args": [
        "2. Goalie reads the rim, exits the crease, and stops the puck behind the net ...",
        90.12,
      ],
      "op": "splitTextToSize",
      "order": 349,
    },
    {
      "args": [
        "3. Shooter skates to either wall at the blue line to present a target.",
        90.12,
      ],
      "op": "splitTextToSize",
      "order": 350,
    },
    {
      "args": [
        "4. Goalie makes a controlled pass to the shooter.",
        90.12,
      ],
      "op": "splitTextToSize",
      "order": 351,
    },
    {
      "args": [
        "5. Shooter skates down the wall, enters the zone between the dot and circle, ...",
        90.12,
      ],
      "op": "splitTextToSize",
      "order": 352,
    },
    {
      "args": [
        "6. Shooter releases a shot back to the original side (against the grain).",
        90.12,
      ],
      "op": "splitTextToSize",
      "order": 353,
    },
    {
      "args": [
        "7. Goalie recovers to the crease, tracks the shooter's cut, and sets for the ...",
        90.12,
      ],
      "op": "splitTextToSize",
      "order": 354,
    },
    {
      "args": [
        "8. Run drill from both sides of ice.",
        90.12,
      ],
      "op": "splitTextToSize",
      "order": 355,
    },
    {
      "args": [
        "• Efficient crease exit — take the shortest route to the rim with controlled ...",
        165,
      ],
      "op": "splitTextToSize",
      "order": 356,
    },
    {
      "args": [
        "• Square shoulders to the boards when stopping the rim to absorb and settle t...",
        165,
      ],
      "op": "splitTextToSize",
      "order": 357,
    },
    {
      "args": [
        "• Scan before passing — shoulder check for forecheck pressure and shooter loc...",
        165,
      ],
      "op": "splitTextToSize",
      "order": 358,
    },
    {
      "args": [
        "• Crisp, flat pass to the shooter's stick; avoid floaters or passes into feet.",
        165,
      ],
      "op": "splitTextToSize",
      "order": 359,
    },
    {
      "args": [
        "• Recover with urgency — head leads, stay tall, regain middle ice before the ...",
        165,
      ],
      "op": "splitTextToSize",
      "order": 360,
    },
    {
      "args": [
        "• Track the change of angle as the shooter cuts across; maintain edge control.",
        165,
      ],
      "op": "splitTextToSize",
      "order": 361,
    },
    {
      "args": [
        "• Set feet before the release — keep lead knee on puck; avoid sliding into th...",
        165,
      ],
      "op": "splitTextToSize",
      "order": 362,
    },
    {
      "args": [
        "• Hard, purposeful rim — simulate a game speed dump in.",
        165,
      ],
      "op": "splitTextToSize",
      "order": 363,
    },
    {
      "args": [
        "• Explode to the wall to present a clean passing target.",
        165,
      ],
      "op": "splitTextToSize",
      "order": 364,
    },
    {
      "args": [
        "• Stick available early — show a clear target for the goalie.",
        165,
      ],
      "op": "splitTextToSize",
      "order": 365,
    },
    {
      "args": [
        "• Skate the wall with pace — don't drift or slow down.",
        165,
      ],
      "op": "splitTextToSize",
      "order": 366,
    },
    {
      "args": [
        "• Cut across with intent — force the goalie to move laterally.",
        165,
      ],
      "op": "splitTextToSize",
      "order": 367,
    },
    {
      "args": [
        "• Shoot against the grain back to the original side.",
        165,
      ],
      "op": "splitTextToSize",
      "order": 368,
    },
    {
      "args": [
        "• Change release point (pull and drag, push release, delay) to challenge the ...",
        165,
      ],
      "op": "splitTextToSize",
      "order": 369,
    },
    {
      "args": [
        "Progression 1 - Variable Rim Locations",
        75,
      ],
      "op": "splitTextToSize",
      "order": 370,
    },
    {
      "args": [
        "Shooter varies rim height, speed, and angle while the goalie adjusts footwork...",
        75,
      ],
      "op": "splitTextToSize",
      "order": 371,
    },
    {
      "args": [
        "Progression 1 - Variable Rim Locations",
        75,
      ],
      "op": "splitTextToSize",
      "order": 372,
    },
    {
      "args": [
        "Shooter varies rim height, speed, and angle.
• Goalie adjusts footwork.
• Goa...",
        75,
      ],
      "op": "splitTextToSize",
      "order": 373,
    },
    {
      "args": [
        "Progression 2 - Shooter Delay Options",
        75,
      ],
      "op": "splitTextToSize",
      "order": 374,
    },
    {
      "args": [
        "Shooter varies rim height, speed, and angle.
• Goalie adjusts footwork.
• Goa...",
        75,
      ],
      "op": "splitTextToSize",
      "order": 375,
    },
    {
      "args": [
        "Progression 2 - Shooter Delay Options",
        75,
      ],
      "op": "splitTextToSize",
      "order": 376,
    },
    {
      "args": [
        "Add shooter options:
• Cut immediately
• Delay at the wall
• Take a quick sho...",
        75,
      ],
      "op": "splitTextToSize",
      "order": 377,
    },
    {
      "args": [
        "Progression 3 - Coach Pressure",
        75,
      ],
      "op": "splitTextToSize",
      "order": 378,
    },
    {
      "args": [
        "Add shooter options:
• Cut immediately
• Delay at the wall
• Take a quick sho...",
        75,
      ],
      "op": "splitTextToSize",
      "order": 379,
    },
    {
      "args": [
        "Progression 3 - Coach Pressure",
        75,
      ],
      "op": "splitTextToSize",
      "order": 380,
    },
    {
      "args": [
        "Coach applies light forecheck pressure after the rim. Goalie:
• Shoulder chec...",
        75,
      ],
      "op": "splitTextToSize",
      "order": 381,
    },
    {
      "args": [
        "Progression 4 - Second Shooter Option",
        75,
      ],
      "op": "splitTextToSize",
      "order": 382,
    },
    {
      "args": [
        "Coach applies light forecheck pressure after the rim. Goalie:
• Shoulder chec...",
        75,
      ],
      "op": "splitTextToSize",
      "order": 383,
    },
    {
      "args": [
        "Progression 4 - Second Shooter Option",
        75,
      ],
      "op": "splitTextToSize",
      "order": 384,
    },
    {
      "args": [
        "Add a second shooter in the slot. Primary shooter can pass or shoot.",
        75,
      ],
      "op": "splitTextToSize",
      "order": 385,
    },
    {
      "args": [
        "Progression 5 - Net Front Screen",
        75,
      ],
      "op": "splitTextToSize",
      "order": 386,
    },
    {
      "args": [
        "Add a second shooter in the slot. Primary shooter can pass or shoot.",
        75,
      ],
      "op": "splitTextToSize",
      "order": 387,
    },
    {
      "args": [
        "Progression 5 - Net Front Screen",
        75,
      ],
      "op": "splitTextToSize",
      "order": 388,
    },
    {
      "args": [
        "Add an extra goaltender or obstacle in the high slot. so the goalie must trac...",
        75,
      ],
      "op": "splitTextToSize",
      "order": 389,
    },
    {
      "args": [
        "Net Front Screen",
        75,
      ],
      "op": "splitTextToSize",
      "order": 390,
    },
    {
      "args": [
        "Add an extra goaltender or obstacle in the high slot. so the goalie must trac...",
        75,
      ],
      "op": "splitTextToSize",
      "order": 391,
    },
    {
      "args": [
        "data:image/png;base64,MOCK",
        "PNG",
        20,
        261,
        24,
        16,
      ],
      "op": "addImage",
      "order": 390,
    },
    {
      "args": [
        "This drill and the website on which it is hosted were developed as part of US...",
        81.33,
      ],
      "op": "splitTextToSize",
      "order": 391,
    },
    {
      "args": [
        "data:image/png;base64,MOCK",
        "PNG",
        133.33,
        250.11,
        56.67,
        37.78,
      ],
      "op": "addImage",
      "order": 392,
    },
    {
      "args": [
        "data:image/png;base64,MOCK",
        "JPEG",
        20,
        15,
        24,
        16,
      ],
      "op": "addImage",
      "order": 393,
    },
    {
      "args": [
        "data:image/png;base64,MOCK",
        "PNG",
        166,
        15,
        24,
        16,
      ],
      "op": "addImage",
      "order": 394,
    },
    {
      "args": [
        "Rim Stop Cut Across",
        114,
      ],
      "op": "splitTextToSize",
      "order": 395,
    },
    {
      "args": [
        "Rim Stop Cut Across",
        114,
      ],
      "op": "splitTextToSize",
      "order": 396,
    },
    {
      "args": [
        "data:image/png;base64,MOCK",
        "PNG",
        33.83,
        124,
        53.33,
        30,
      ],
      "op": "addImage",
      "order": 397,
    },
    {
      "args": [
        "data:image/png;base64,MOCK",
        "PNG",
        33.83,
        196,
        53.33,
        30,
      ],
      "op": "addImage",
      "order": 398,
    },
    {
      "args": [
        "data:image/png;base64,MOCK",
        "PNG",
        122.83,
        60,
        53.33,
        30,
      ],
      "op": "addImage",
      "order": 399,
    },
    {
      "args": [
        "data:image/png;base64,MOCK",
        "PNG",
        20,
        261,
        24,
        16,
      ],
      "op": "addImage",
      "order": 400,
    },
    {
      "args": [
        "This drill and the website on which it is hosted were developed as part of US...",
        81.33,
      ],
      "op": "splitTextToSize",
      "order": 401,
    },
    {
      "args": [
        "data:image/png;base64,MOCK",
        "PNG",
        133.33,
        250.11,
        56.67,
        37.78,
      ],
      "op": "addImage",
      "order": 402,
    },
  ],
  "totalOps": 85,
}
`;

exports[`generateDrillPdf visual regression traces matches dense inline-content trace for two-shot 1`] = `
{
  "firstOps": [
    {
      "args": [
        "data:image/png;base64,MOCK",
        "JPEG",
        20,
        15,
        24,
        16,
      ],
      "op": "addImage",
      "order": 404,
    },
    {
      "args": [
        "data:image/png;base64,MOCK",
        "PNG",
        166,
        15,
        24,
        16,
      ],
      "op": "addImage",
      "order": 405,
    },
    {
      "args": [
        "Two Shot",
        114,
      ],
      "op": "splitTextToSize",
      "order": 406,
    },
    {
      "args": [
        "Two Shot",
        114,
      ],
      "op": "splitTextToSize",
      "order": 407,
    },
    {
      "args": [
        "data:image/png;base64,MOCK",
        "PNG",
        180,
        43,
        10,
        10,
      ],
      "op": "addImage",
      "order": 408,
    },
    {
      "args": [
        "1. Pucks are placed a set distance apart just above the crease. Increasing th...",
        165,
      ],
      "op": "splitTextToSize",
      "order": 421,
    },
    {
      "args": [
        "2. The shooter skates in, takes the first shot, immediately adjusts their ang...",
        165,
      ],
      "op": "splitTextToSize",
      "order": 422,
    },
    {
      "args": [
        "• Set early — beat the shooter to the first puck with feet set and chest square.",
        165,
      ],
      "op": "splitTextToSize",
      "order": 423,
    },
    {
      "args": [
        "• Controlled save and rebound awareness — track the puck off the blade and ma...",
        165,
      ],
      "op": "splitTextToSize",
      "order": 424,
    },
    {
      "args": [
        "• Efficient recovery — after the first save, recover using the shortest path ...",
        165,
      ],
      "op": "splitTextToSize",
      "order": 425,
    },
    {
      "args": [
        "• Head leads the body — eyes snap to the second puck immediately after the fi...",
        165,
      ],
      "op": "splitTextToSize",
      "order": 426,
    },
    {
      "args": [
        "• Stay tall on recovery — maintain posture so you arrive balanced for the sec...",
        165,
      ],
      "op": "splitTextToSize",
      "order": 427,
    },
    {
      "args": [
        "• Edge discipline — push with power but stop under control; avoid sliding pas...",
        165,
      ],
      "op": "splitTextToSize",
      "order": 428,
    },
    {
      "args": [
        "• Hands out in front — keep gloves active and forward to smother pucks, seal ...",
        165,
      ],
      "op": "splitTextToSize",
      "order": 429,
    },
    {
      "args": [
        "• Quick release — the drill only works if the second shot comes fast; no stic...",
        165,
      ],
      "op": "splitTextToSize",
      "order": 430,
    },
    {
      "args": [
        "• Accuracy over power — two precise shots are more valuable than two hard but...",
        165,
      ],
      "op": "splitTextToSize",
      "order": 431,
    },
    {
      "args": [
        "• Consistent approach speed — don't slow down between pucks; maintain flow.",
        165,
      ],
      "op": "splitTextToSize",
      "order": 432,
    },
    {
      "args": [
        "• Repetition with purpose — vary shot types: first low, second high; first bl...",
        165,
      ],
      "op": "splitTextToSize",
      "order": 433,
    },
    {
      "args": [
        "data:image/png;base64,MOCK",
        "PNG",
        41.25,
        55,
        127.5,
        71.72,
      ],
      "op": "addImage",
      "order": 434,
    },
    {
      "args": [
        "1. Pucks are placed a set distance apart just above the crease. Increasing th...",
        165,
      ],
      "op": "splitTextToSize",
      "order": 435,
    },
    {
      "args": [
        "2. The shooter skates in, takes the first shot, immediately adjusts their ang...",
        165,
      ],
      "op": "splitTextToSize",
      "order": 436,
    },
    {
      "args": [
        "• Set early — beat the shooter to the first puck with feet set and chest square.",
        165,
      ],
      "op": "splitTextToSize",
      "order": 437,
    },
    {
      "args": [
        "• Controlled save and rebound awareness — track the puck off the blade and ma...",
        165,
      ],
      "op": "splitTextToSize",
      "order": 438,
    },
    {
      "args": [
        "• Efficient recovery — after the first save, recover using the shortest path ...",
        165,
      ],
      "op": "splitTextToSize",
      "order": 439,
    },
    {
      "args": [
        "• Head leads the body — eyes snap to the second puck immediately after the fi...",
        165,
      ],
      "op": "splitTextToSize",
      "order": 440,
    },
    {
      "args": [
        "• Stay tall on recovery — maintain posture so you arrive balanced for the sec...",
        165,
      ],
      "op": "splitTextToSize",
      "order": 441,
    },
    {
      "args": [
        "• Edge discipline — push with power but stop under control; avoid sliding pas...",
        165,
      ],
      "op": "splitTextToSize",
      "order": 442,
    },
    {
      "args": [
        "• Hands out in front — keep gloves active and forward to smother pucks, seal ...",
        165,
      ],
      "op": "splitTextToSize",
      "order": 443,
    },
    {
      "args": [
        "• Quick release — the drill only works if the second shot comes fast; no stic...",
        165,
      ],
      "op": "splitTextToSize",
      "order": 444,
    },
    {
      "args": [
        "• Accuracy over power — two precise shots are more valuable than two hard but...",
        165,
      ],
      "op": "splitTextToSize",
      "order": 445,
    },
    {
      "args": [
        "• Consistent approach speed — don't slow down between pucks; maintain flow.",
        165,
      ],
      "op": "splitTextToSize",
      "order": 446,
    },
    {
      "args": [
        "• Repetition with purpose — vary shot types: first low, second high; first bl...",
        165,
      ],
      "op": "splitTextToSize",
      "order": 447,
    },
    {
      "args": [
        "Progression 1 — Increased Distance",
        75,
      ],
      "op": "splitTextToSize",
      "order": 448,
    },
    {
      "args": [
        "Move pucks farther apart.
• Forces longer goalie recoveries.",
        75,
      ],
      "op": "splitTextToSize",
      "order": 449,
    },
    {
      "args": [
        "Progression 1 — Increased Distance",
        75,
      ],
      "op": "splitTextToSize",
      "order": 450,
    },
    {
      "args": [
        "Move pucks farther apart.
• Forces longer goalie recoveries.",
        75,
      ],
      "op": "splitTextToSize",
      "order": 451,
    },
    {
      "args": [
        "Progression 2 — Lane Variation",
        75,
      ],
      "op": "splitTextToSize",
      "order": 452,
    },
    {
      "args": [
        "Shooter approaches from different entry points:
• Middle
• Left lane
• Right ...",
        75,
      ],
      "op": "splitTextToSize",
      "order": 453,
    },
    {
      "args": [
        "Progression 2 — Lane Variation",
        75,
      ],
      "op": "splitTextToSize",
      "order": 454,
    },
    {
      "args": [
        "Shooter approaches from different entry points:
• Middle
• Left lane
• Right ...",
        75,
      ],
      "op": "splitTextToSize",
      "order": 455,
    },
    {
      "args": [
        "Progression 3 — Rebound Activation",
        75,
      ],
      "op": "splitTextToSize",
      "order": 456,
    },
    {
      "args": [
        "After the second shot, shooter plays any rebound for 1-2 seconds.",
        75,
      ],
      "op": "splitTextToSize",
      "order": 457,
    },
    {
      "args": [
        "Progression 3 — Rebound Activation",
        75,
      ],
      "op": "splitTextToSize",
      "order": 458,
    },
    {
      "args": [
        "After the second shot, shooter plays any rebound for 1-2 seconds.",
        75,
      ],
      "op": "splitTextToSize",
      "order": 459,
    },
    {
      "args": [
        "data:image/png;base64,MOCK",
        "PNG",
        20,
        261,
        24,
        16,
      ],
      "op": "addImage",
      "order": 460,
    },
    {
      "args": [
        "This drill and the website on which it is hosted were developed as part of US...",
        81.33,
      ],
      "op": "splitTextToSize",
      "order": 461,
    },
    {
      "args": [
        "data:image/png;base64,MOCK",
        "PNG",
        133.33,
        250.11,
        56.67,
        37.78,
      ],
      "op": "addImage",
      "order": 462,
    },
    {
      "args": [
        "data:image/png;base64,MOCK",
        "JPEG",
        20,
        15,
        24,
        16,
      ],
      "op": "addImage",
      "order": 463,
    },
    {
      "args": [
        "data:image/png;base64,MOCK",
        "PNG",
        166,
        15,
        24,
        16,
      ],
      "op": "addImage",
      "order": 464,
    },
    {
      "args": [
        "Two Shot",
        114,
      ],
      "op": "splitTextToSize",
      "order": 465,
    },
    {
      "args": [
        "Two Shot",
        114,
      ],
      "op": "splitTextToSize",
      "order": 466,
    },
    {
      "args": [
        "data:image/png;base64,MOCK",
        "PNG",
        33.83,
        60,
        53.33,
        30,
      ],
      "op": "addImage",
      "order": 467,
    },
    {
      "args": [
        "data:image/png;base64,MOCK",
        "PNG",
        33.83,
        120,
        53.33,
        30,
      ],
      "op": "addImage",
      "order": 468,
    },
    {
      "args": [
        "data:image/png;base64,MOCK",
        "PNG",
        20,
        261,
        24,
        16,
      ],
      "op": "addImage",
      "order": 469,
    },
    {
      "args": [
        "This drill and the website on which it is hosted were developed as part of US...",
        81.33,
      ],
      "op": "splitTextToSize",
      "order": 470,
    },
    {
      "args": [
        "data:image/png;base64,MOCK",
        "PNG",
        133.33,
        250.11,
        56.67,
        37.78,
      ],
      "op": "addImage",
      "order": 471,
    },
  ],
  "lastOps": [
    {
      "args": [
        "2. The shooter skates in, takes the first shot, immediately adjusts their ang...",
        165,
      ],
      "op": "splitTextToSize",
      "order": 422,
    },
    {
      "args": [
        "• Set early — beat the shooter to the first puck with feet set and chest square.",
        165,
      ],
      "op": "splitTextToSize",
      "order": 423,
    },
    {
      "args": [
        "• Controlled save and rebound awareness — track the puck off the blade and ma...",
        165,
      ],
      "op": "splitTextToSize",
      "order": 424,
    },
    {
      "args": [
        "• Efficient recovery — after the first save, recover using the shortest path ...",
        165,
      ],
      "op": "splitTextToSize",
      "order": 425,
    },
    {
      "args": [
        "• Head leads the body — eyes snap to the second puck immediately after the fi...",
        165,
      ],
      "op": "splitTextToSize",
      "order": 426,
    },
    {
      "args": [
        "• Stay tall on recovery — maintain posture so you arrive balanced for the sec...",
        165,
      ],
      "op": "splitTextToSize",
      "order": 427,
    },
    {
      "args": [
        "• Edge discipline — push with power but stop under control; avoid sliding pas...",
        165,
      ],
      "op": "splitTextToSize",
      "order": 428,
    },
    {
      "args": [
        "• Hands out in front — keep gloves active and forward to smother pucks, seal ...",
        165,
      ],
      "op": "splitTextToSize",
      "order": 429,
    },
    {
      "args": [
        "• Quick release — the drill only works if the second shot comes fast; no stic...",
        165,
      ],
      "op": "splitTextToSize",
      "order": 430,
    },
    {
      "args": [
        "• Accuracy over power — two precise shots are more valuable than two hard but...",
        165,
      ],
      "op": "splitTextToSize",
      "order": 431,
    },
    {
      "args": [
        "• Consistent approach speed — don't slow down between pucks; maintain flow.",
        165,
      ],
      "op": "splitTextToSize",
      "order": 432,
    },
    {
      "args": [
        "• Repetition with purpose — vary shot types: first low, second high; first bl...",
        165,
      ],
      "op": "splitTextToSize",
      "order": 433,
    },
    {
      "args": [
        "data:image/png;base64,MOCK",
        "PNG",
        41.25,
        55,
        127.5,
        71.72,
      ],
      "op": "addImage",
      "order": 434,
    },
    {
      "args": [
        "1. Pucks are placed a set distance apart just above the crease. Increasing th...",
        165,
      ],
      "op": "splitTextToSize",
      "order": 435,
    },
    {
      "args": [
        "2. The shooter skates in, takes the first shot, immediately adjusts their ang...",
        165,
      ],
      "op": "splitTextToSize",
      "order": 436,
    },
    {
      "args": [
        "• Set early — beat the shooter to the first puck with feet set and chest square.",
        165,
      ],
      "op": "splitTextToSize",
      "order": 437,
    },
    {
      "args": [
        "• Controlled save and rebound awareness — track the puck off the blade and ma...",
        165,
      ],
      "op": "splitTextToSize",
      "order": 438,
    },
    {
      "args": [
        "• Efficient recovery — after the first save, recover using the shortest path ...",
        165,
      ],
      "op": "splitTextToSize",
      "order": 439,
    },
    {
      "args": [
        "• Head leads the body — eyes snap to the second puck immediately after the fi...",
        165,
      ],
      "op": "splitTextToSize",
      "order": 440,
    },
    {
      "args": [
        "• Stay tall on recovery — maintain posture so you arrive balanced for the sec...",
        165,
      ],
      "op": "splitTextToSize",
      "order": 441,
    },
    {
      "args": [
        "• Edge discipline — push with power but stop under control; avoid sliding pas...",
        165,
      ],
      "op": "splitTextToSize",
      "order": 442,
    },
    {
      "args": [
        "• Hands out in front — keep gloves active and forward to smother pucks, seal ...",
        165,
      ],
      "op": "splitTextToSize",
      "order": 443,
    },
    {
      "args": [
        "• Quick release — the drill only works if the second shot comes fast; no stic...",
        165,
      ],
      "op": "splitTextToSize",
      "order": 444,
    },
    {
      "args": [
        "• Accuracy over power — two precise shots are more valuable than two hard but...",
        165,
      ],
      "op": "splitTextToSize",
      "order": 445,
    },
    {
      "args": [
        "• Consistent approach speed — don't slow down between pucks; maintain flow.",
        165,
      ],
      "op": "splitTextToSize",
      "order": 446,
    },
    {
      "args": [
        "• Repetition with purpose — vary shot types: first low, second high; first bl...",
        165,
      ],
      "op": "splitTextToSize",
      "order": 447,
    },
    {
      "args": [
        "Progression 1 — Increased Distance",
        75,
      ],
      "op": "splitTextToSize",
      "order": 448,
    },
    {
      "args": [
        "Move pucks farther apart.
• Forces longer goalie recoveries.",
        75,
      ],
      "op": "splitTextToSize",
      "order": 449,
    },
    {
      "args": [
        "Progression 1 — Increased Distance",
        75,
      ],
      "op": "splitTextToSize",
      "order": 450,
    },
    {
      "args": [
        "Move pucks farther apart.
• Forces longer goalie recoveries.",
        75,
      ],
      "op": "splitTextToSize",
      "order": 451,
    },
    {
      "args": [
        "Progression 2 — Lane Variation",
        75,
      ],
      "op": "splitTextToSize",
      "order": 452,
    },
    {
      "args": [
        "Shooter approaches from different entry points:
• Middle
• Left lane
• Right ...",
        75,
      ],
      "op": "splitTextToSize",
      "order": 453,
    },
    {
      "args": [
        "Progression 2 — Lane Variation",
        75,
      ],
      "op": "splitTextToSize",
      "order": 454,
    },
    {
      "args": [
        "Shooter approaches from different entry points:
• Middle
• Left lane
• Right ...",
        75,
      ],
      "op": "splitTextToSize",
      "order": 455,
    },
    {
      "args": [
        "Progression 3 — Rebound Activation",
        75,
      ],
      "op": "splitTextToSize",
      "order": 456,
    },
    {
      "args": [
        "After the second shot, shooter plays any rebound for 1-2 seconds.",
        75,
      ],
      "op": "splitTextToSize",
      "order": 457,
    },
    {
      "args": [
        "Progression 3 — Rebound Activation",
        75,
      ],
      "op": "splitTextToSize",
      "order": 458,
    },
    {
      "args": [
        "After the second shot, shooter plays any rebound for 1-2 seconds.",
        75,
      ],
      "op": "splitTextToSize",
      "order": 459,
    },
    {
      "args": [
        "data:image/png;base64,MOCK",
        "PNG",
        20,
        261,
        24,
        16,
      ],
      "op": "addImage",
      "order": 460,
    },
    {
      "args": [
        "This drill and the website on which it is hosted were developed as part of US...",
        81.33,
      ],
      "op": "splitTextToSize",
      "order": 461,
    },
    {
      "args": [
        "data:image/png;base64,MOCK",
        "PNG",
        133.33,
        250.11,
        56.67,
        37.78,
      ],
      "op": "addImage",
      "order": 462,
    },
    {
      "args": [
        "data:image/png;base64,MOCK",
        "JPEG",
        20,
        15,
        24,
        16,
      ],
      "op": "addImage",
      "order": 463,
    },
    {
      "args": [
        "data:image/png;base64,MOCK",
        "PNG",
        166,
        15,
        24,
        16,
      ],
      "op": "addImage",
      "order": 464,
    },
    {
      "args": [
        "Two Shot",
        114,
      ],
      "op": "splitTextToSize",
      "order": 465,
    },
    {
      "args": [
        "Two Shot",
        114,
      ],
      "op": "splitTextToSize",
      "order": 466,
    },
    {
      "args": [
        "data:image/png;base64,MOCK",
        "PNG",
        33.83,
        60,
        53.33,
        30,
      ],
      "op": "addImage",
      "order": 467,
    },
    {
      "args": [
        "data:image/png;base64,MOCK",
        "PNG",
        33.83,
        120,
        53.33,
        30,
      ],
      "op": "addImage",
      "order": 468,
    },
    {
      "args": [
        "data:image/png;base64,MOCK",
        "PNG",
        20,
        261,
        24,
        16,
      ],
      "op": "addImage",
      "order": 469,
    },
    {
      "args": [
        "This drill and the website on which it is hosted were developed as part of US...",
        81.33,
      ],
      "op": "splitTextToSize",
      "order": 470,
    },
    {
      "args": [
        "data:image/png;base64,MOCK",
        "PNG",
        133.33,
        250.11,
        56.67,
        37.78,
      ],
      "op": "addImage",
      "order": 471,
    },
  ],
  "totalOps": 56,
}
`;

exports[`generateDrillPdf visual regression traces matches full-width first-page layout trace for shot-rebound-recovery 1`] = `
{
  "firstOps": [
    {
      "args": [
        "data:image/png;base64,MOCK",
        "JPEG",
        20,
        15,
        24,
        16,
      ],
      "op": "addImage",
      "order": 260,
    },
    {
      "args": [
        "data:image/png;base64,MOCK",
        "PNG",
        166,
        15,
        24,
        16,
      ],
      "op": "addImage",
      "order": 261,
    },
    {
      "args": [
        "Shot Rebound Recovery",
        114,
      ],
      "op": "splitTextToSize",
      "order": 262,
    },
    {
      "args": [
        "Shot Rebound Recovery",
        114,
      ],
      "op": "splitTextToSize",
      "order": 263,
    },
    {
      "args": [
        "data:image/png;base64,MOCK",
        "PNG",
        180,
        43,
        10,
        10,
      ],
      "op": "addImage",
      "order": 264,
    },
    {
      "args": [
        "1. Coach begins with a puck below the goal line and passes to Shooter 1.",
        165,
      ],
      "op": "splitTextToSize",
      "order": 265,
    },
    {
      "args": [
        "2. The goalie starts on the post in RVH, then releases off the post to establ...",
        165,
      ],
      "op": "splitTextToSize",
      "order": 266,
    },
    {
      "args": [
        "3. The shooter takes a controlled low shot aimed at the goalie's far pad to g...",
        165,
      ],
      "op": "splitTextToSize",
      "order": 267,
    },
    {
      "args": [
        "4. The goalie executes a controlled butterfly slide across the crease to make...",
        165,
      ],
      "op": "splitTextToSize",
      "order": 268,
    },
    {
      "args": [
        "5. Run the drill from both sides of the net.",
        165,
      ],
      "op": "splitTextToSize",
      "order": 269,
    },
    {
      "args": [
        "• Release cleanly from RVH and square up to Shooter 1 with proper angle and d...",
        165,
      ],
      "op": "splitTextToSize",
      "order": 270,
    },
    {
      "args": [
        "• Track the initial shot into the save and recover quickly to locate the rebo...",
        165,
      ],
      "op": "splitTextToSize",
      "order": 271,
    },
    {
      "args": [
        "• Execute a controlled butterfly slide to Shooter 2, keeping weight centered,...",
        165,
      ],
      "op": "splitTextToSize",
      "order": 272,
    },
    {
      "args": [
        "• Shooter 1: Deliver a purposeful low shot to the far pad to create a predict...",
        165,
      ],
      "op": "splitTextToSize",
      "order": 273,
    },
    {
      "args": [
        "• Shooter 2: Attack the rebound immediately with a quick, decisive shot.",
        165,
      ],
      "op": "splitTextToSize",
      "order": 274,
    },
    {
      "args": [
        "data:image/png;base64,MOCK",
        "PNG",
        41.25,
        55,
        127.5,
        85,
      ],
      "op": "addImage",
      "order": 275,
    },
    {
      "args": [
        "1. Coach begins with a puck below the goal line and passes to Shooter 1.",
        165,
      ],
      "op": "splitTextToSize",
      "order": 276,
    },
    {
      "args": [
        "2. The goalie starts on the post in RVH, then releases off the post to establ...",
        165,
      ],
      "op": "splitTextToSize",
      "order": 277,
    },
    {
      "args": [
        "3. The shooter takes a controlled low shot aimed at the goalie's far pad to g...",
        165,
      ],
      "op": "splitTextToSize",
      "order": 278,
    },
    {
      "args": [
        "4. The goalie executes a controlled butterfly slide across the crease to make...",
        165,
      ],
      "op": "splitTextToSize",
      "order": 279,
    },
    {
      "args": [
        "5. Run the drill from both sides of the net.",
        165,
      ],
      "op": "splitTextToSize",
      "order": 280,
    },
    {
      "args": [
        "• Release cleanly from RVH and square up to Shooter 1 with proper angle and d...",
        165,
      ],
      "op": "splitTextToSize",
      "order": 281,
    },
    {
      "args": [
        "• Track the initial shot into the save and recover quickly to locate the rebo...",
        165,
      ],
      "op": "splitTextToSize",
      "order": 282,
    },
    {
      "args": [
        "• Execute a controlled butterfly slide to Shooter 2, keeping weight centered,...",
        165,
      ],
      "op": "splitTextToSize",
      "order": 283,
    },
    {
      "args": [
        "• Shooter 1: Deliver a purposeful low shot to the far pad to create a predict...",
        165,
      ],
      "op": "splitTextToSize",
      "order": 284,
    },
    {
      "args": [
        "• Shooter 2: Attack the rebound immediately with a quick, decisive shot.",
        165,
      ],
      "op": "splitTextToSize",
      "order": 285,
    },
    {
      "args": [
        "Progression 1 - Variable Rebound Location",
        75,
      ],
      "op": "splitTextToSize",
      "order": 286,
    },
    {
      "args": [
        "Purpose: Force the goalie to read and react instead of sliding to a pre-plann...",
        75,
      ],
      "op": "splitTextToSize",
      "order": 287,
    },
    {
      "args": [
        "Progression 1 - Variable Rebound Location",
        75,
      ],
      "op": "splitTextToSize",
      "order": 288,
    },
    {
      "args": [
        "Purpose: Force the goalie to read and react instead of sliding to a pre-plann...",
        75,
      ],
      "op": "splitTextToSize",
      "order": 289,
    },
    {
      "args": [
        "Progression 2 - Shooter 2 Delay or Quick Release Options",
        75,
      ],
      "op": "splitTextToSize",
      "order": 290,
    },
    {
      "args": [
        "Purpose: Add timing pressure and force controlled edges. Shooter 2 may:
• sho...",
        75,
      ],
      "op": "splitTextToSize",
      "order": 291,
    },
    {
      "args": [
        "Progression 2 - Shooter 2 Delay or Quick Release Options",
        75,
      ],
      "op": "splitTextToSize",
      "order": 292,
    },
    {
      "args": [
        "Purpose: Add timing pressure and force controlled edges. Shooter 2 may:
• sho...",
        75,
      ],
      "op": "splitTextToSize",
      "order": 293,
    },
    {
      "args": [
        "Progression 3 - Coach Shot Fake Before Pass",
        75,
      ],
      "op": "splitTextToSize",
      "order": 294,
    },
    {
      "args": [
        "Purpose: Add deception and force the goalie to manage visual cues. Coach give...",
        75,
      ],
      "op": "splitTextToSize",
      "order": 295,
    },
    {
      "args": [
        "Progression 3 - Coach Shot Fake Before Pass",
        75,
      ],
      "op": "splitTextToSize",
      "order": 296,
    },
    {
      "args": [
        "Purpose: Add deception and force the goalie to manage visual cues. Coach give...",
        75,
      ],
      "op": "splitTextToSize",
      "order": 297,
    },
    {
      "args": [
        "Progression 4 - Third Shot Recovery",
        75,
      ],
      "op": "splitTextToSize",
      "order": 298,
    },
    {
      "args": [
        "Purpose: Build endurance and post-save recovery habits. After Shooter 2's reb...",
        75,
      ],
      "op": "splitTextToSize",
      "order": 299,
    },
    {
      "args": [
        "Progression 4 - Third Shot Recovery",
        75,
      ],
      "op": "splitTextToSize",
      "order": 300,
    },
    {
      "args": [
        "Purpose: Build endurance and post-save recovery habits. After Shooter 2's reb...",
        75,
      ],
      "op": "splitTextToSize",
      "order": 301,
    },
    {
      "args": [
        "Progression 5 - Traffic / Screen Layer",
        75,
      ],
      "op": "splitTextToSize",
      "order": 302,
    },
    {
      "args": [
        "Purpose: Add traffic and force the goalie to maintain focus on the puck.
• Ad...",
        75,
      ],
      "op": "splitTextToSize",
      "order": 303,
    },
    {
      "args": [
        "Progression 5 - Traffic / Screen Layer",
        75,
      ],
      "op": "splitTextToSize",
      "order": 304,
    },
    {
      "args": [
        "Purpose: Add traffic and force the goalie to maintain focus on the puck.
• Ad...",
        75,
      ],
      "op": "splitTextToSize",
      "order": 305,
    },
    {
      "args": [
        "data:image/png;base64,MOCK",
        "PNG",
        20,
        261,
        24,
        16,
      ],
      "op": "addImage",
      "order": 306,
    },
    {
      "args": [
        "This drill and the website on which it is hosted were developed as part of US...",
        81.33,
      ],
      "op": "splitTextToSize",
      "order": 307,
    },
    {
      "args": [
        "data:image/png;base64,MOCK",
        "PNG",
        133.33,
        250.11,
        56.67,
        37.78,
      ],
      "op": "addImage",
      "order": 308,
    },
    {
      "args": [
        "data:image/png;base64,MOCK",
        "JPEG",
        20,
        15,
        24,
        16,
      ],
      "op": "addImage",
      "order": 309,
    },
    {
      "args": [
        "data:image/png;base64,MOCK",
        "PNG",
        166,
        15,
        24,
        16,
      ],
      "op": "addImage",
      "order": 310,
    },
    {
      "args": [
        "Shot Rebound Recovery",
        114,
      ],
      "op": "splitTextToSize",
      "order": 311,
    },
    {
      "args": [
        "Shot Rebound Recovery",
        114,
      ],
      "op": "splitTextToSize",
      "order": 312,
    },
    {
      "args": [
        "data:image/png;base64,MOCK",
        "PNG",
        127,
        60,
        45,
        30,
      ],
      "op": "addImage",
      "order": 313,
    },
    {
      "args": [
        "data:image/png;base64,MOCK",
        "PNG",
        127,
        152,
        45,
        30,
      ],
      "op": "addImage",
      "order": 314,
    },
    {
      "args": [
        "data:image/png;base64,MOCK",
        "PNG",
        20,
        261,
        24,
        16,
      ],
      "op": "addImage",
      "order": 315,
    },
    {
      "args": [
        "This drill and the website on which it is hosted were developed as part of US...",
        81.33,
      ],
      "op": "splitTextToSize",
      "order": 316,
    },
    {
      "args": [
        "data:image/png;base64,MOCK",
        "PNG",
        133.33,
        250.11,
        56.67,
        37.78,
      ],
      "op": "addImage",
      "order": 317,
    },
  ],
  "lastOps": [
    {
      "args": [
        "3. The shooter takes a controlled low shot aimed at the goalie's far pad to g...",
        165,
      ],
      "op": "splitTextToSize",
      "order": 278,
    },
    {
      "args": [
        "4. The goalie executes a controlled butterfly slide across the crease to make...",
        165,
      ],
      "op": "splitTextToSize",
      "order": 279,
    },
    {
      "args": [
        "5. Run the drill from both sides of the net.",
        165,
      ],
      "op": "splitTextToSize",
      "order": 280,
    },
    {
      "args": [
        "• Release cleanly from RVH and square up to Shooter 1 with proper angle and d...",
        165,
      ],
      "op": "splitTextToSize",
      "order": 281,
    },
    {
      "args": [
        "• Track the initial shot into the save and recover quickly to locate the rebo...",
        165,
      ],
      "op": "splitTextToSize",
      "order": 282,
    },
    {
      "args": [
        "• Execute a controlled butterfly slide to Shooter 2, keeping weight centered,...",
        165,
      ],
      "op": "splitTextToSize",
      "order": 283,
    },
    {
      "args": [
        "• Shooter 1: Deliver a purposeful low shot to the far pad to create a predict...",
        165,
      ],
      "op": "splitTextToSize",
      "order": 284,
    },
    {
      "args": [
        "• Shooter 2: Attack the rebound immediately with a quick, decisive shot.",
        165,
      ],
      "op": "splitTextToSize",
      "order": 285,
    },
    {
      "args": [
        "Progression 1 - Variable Rebound Location",
        75,
      ],
      "op": "splitTextToSize",
      "order": 286,
    },
    {
      "args": [
        "Purpose: Force the goalie to read and react instead of sliding to a pre-plann...",
        75,
      ],
      "op": "splitTextToSize",
      "order": 287,
    },
    {
      "args": [
        "Progression 1 - Variable Rebound Location",
        75,
      ],
      "op": "splitTextToSize",
      "order": 288,
    },
    {
      "args": [
        "Purpose: Force the goalie to read and react instead of sliding to a pre-plann...",
        75,
      ],
      "op": "splitTextToSize",
      "order": 289,
    },
    {
      "args": [
        "Progression 2 - Shooter 2 Delay or Quick Release Options",
        75,
      ],
      "op": "splitTextToSize",
      "order": 290,
    },
    {
      "args": [
        "Purpose: Add timing pressure and force controlled edges. Shooter 2 may:
• sho...",
        75,
      ],
      "op": "splitTextToSize",
      "order": 291,
    },
    {
      "args": [
        "Progression 2 - Shooter 2 Delay or Quick Release Options",
        75,
      ],
      "op": "splitTextToSize",
      "order": 292,
    },
    {
      "args": [
        "Purpose: Add timing pressure and force controlled edges. Shooter 2 may:
• sho...",
        75,
      ],
      "op": "splitTextToSize",
      "order": 293,
    },
    {
      "args": [
        "Progression 3 - Coach Shot Fake Before Pass",
        75,
      ],
      "op": "splitTextToSize",
      "order": 294,
    },
    {
      "args": [
        "Purpose: Add deception and force the goalie to manage visual cues. Coach give...",
        75,
      ],
      "op": "splitTextToSize",
      "order": 295,
    },
    {
      "args": [
        "Progression 3 - Coach Shot Fake Before Pass",
        75,
      ],
      "op": "splitTextToSize",
      "order": 296,
    },
    {
      "args": [
        "Purpose: Add deception and force the goalie to manage visual cues. Coach give...",
        75,
      ],
      "op": "splitTextToSize",
      "order": 297,
    },
    {
      "args": [
        "Progression 4 - Third Shot Recovery",
        75,
      ],
      "op": "splitTextToSize",
      "order": 298,
    },
    {
      "args": [
        "Purpose: Build endurance and post-save recovery habits. After Shooter 2's reb...",
        75,
      ],
      "op": "splitTextToSize",
      "order": 299,
    },
    {
      "args": [
        "Progression 4 - Third Shot Recovery",
        75,
      ],
      "op": "splitTextToSize",
      "order": 300,
    },
    {
      "args": [
        "Purpose: Build endurance and post-save recovery habits. After Shooter 2's reb...",
        75,
      ],
      "op": "splitTextToSize",
      "order": 301,
    },
    {
      "args": [
        "Progression 5 - Traffic / Screen Layer",
        75,
      ],
      "op": "splitTextToSize",
      "order": 302,
    },
    {
      "args": [
        "Purpose: Add traffic and force the goalie to maintain focus on the puck.
• Ad...",
        75,
      ],
      "op": "splitTextToSize",
      "order": 303,
    },
    {
      "args": [
        "Progression 5 - Traffic / Screen Layer",
        75,
      ],
      "op": "splitTextToSize",
      "order": 304,
    },
    {
      "args": [
        "Purpose: Add traffic and force the goalie to maintain focus on the puck.
• Ad...",
        75,
      ],
      "op": "splitTextToSize",
      "order": 305,
    },
    {
      "args": [
        "data:image/png;base64,MOCK",
        "PNG",
        20,
        261,
        24,
        16,
      ],
      "op": "addImage",
      "order": 306,
    },
    {
      "args": [
        "This drill and the website on which it is hosted were developed as part of US...",
        81.33,
      ],
      "op": "splitTextToSize",
      "order": 307,
    },
    {
      "args": [
        "data:image/png;base64,MOCK",
        "PNG",
        133.33,
        250.11,
        56.67,
        37.78,
      ],
      "op": "addImage",
      "order": 308,
    },
    {
      "args": [
        "data:image/png;base64,MOCK",
        "JPEG",
        20,
        15,
        24,
        16,
      ],
      "op": "addImage",
      "order": 309,
    },
    {
      "args": [
        "data:image/png;base64,MOCK",
        "PNG",
        166,
        15,
        24,
        16,
      ],
      "op": "addImage",
      "order": 310,
    },
    {
      "args": [
        "Shot Rebound Recovery",
        114,
      ],
      "op": "splitTextToSize",
      "order": 311,
    },
    {
      "args": [
        "Shot Rebound Recovery",
        114,
      ],
      "op": "splitTextToSize",
      "order": 312,
    },
    {
      "args": [
        "data:image/png;base64,MOCK",
        "PNG",
        127,
        60,
        45,
        30,
      ],
      "op": "addImage",
      "order": 313,
    },
    {
      "args": [
        "data:image/png;base64,MOCK",
        "PNG",
        127,
        152,
        45,
        30,
      ],
      "op": "addImage",
      "order": 314,
    },
    {
      "args": [
        "data:image/png;base64,MOCK",
        "PNG",
        20,
        261,
        24,
        16,
      ],
      "op": "addImage",
      "order": 315,
    },
    {
      "args": [
        "This drill and the website on which it is hosted were developed as part of US...",
        81.33,
      ],
      "op": "splitTextToSize",
      "order": 316,
    },
    {
      "args": [
        "data:image/png;base64,MOCK",
        "PNG",
        133.33,
        250.11,
        56.67,
        37.78,
      ],
      "op": "addImage",
      "order": 317,
    },
  ],
  "totalOps": 58,
}
`;
